{
  "name": "uekiGityuto",
  "password": "password",
  "role": "user"
}
