{
  "user_name": "uekiGityuto",
  "passward": "test"
}
