{
  "user_name": "uekiGityuto",
  "password": "test"
}
